[    0.000000] Linux version 4.15.0-212-generic (buildd@lcy02-amd64-083) (gcc version 7.5.0 (Ubuntu 7.5.0-3ubuntu1~18.04)) #223-Ubuntu SMP Tue May 23 13:09:22 UTC 2023 (Ubuntu 4.15.0-212.223-generic 4.15.18)
[    0.000000] Command line: BOOT_IMAGE=/boot/vmlinuz-4.15.0-212-generic root=LABEL=cloudimg-rootfs ro console=tty1 console=ttyS0
[    0.000000] KERNEL supported cpus:
[    0.000000]   Intel GenuineIntel
[    0.000000]   AMD AuthenticAMD
[    0.000000]   Centaur CentaurHauls
[    0.000000] x86/fpu: x87 FPU will use FXSAVE
[    0.000000] e820: BIOS-provided physical RAM map:
[    0.000000] BIOS-e820: [mem 0x0000000000000000-0x000000000009fbff] usable
[    0.000000] BIOS-e820: [mem 0x000000000009fc00-0x000000000009ffff] reserved
[    0.000000] BIOS-e820: [mem 0x00000000000f0000-0x00000000000fffff] reserved
[    0.000000] BIOS-e820: [mem 0x0000000000100000-0x000000003ffeffff] usable
[    0.000000] BIOS-e820: [mem 0x000000003fff0000-0x000000003fffffff] ACPI data
[    0.000000] BIOS-e820: [mem 0x00000000fec00000-0x00000000fec00fff] reserved
[    0.000000] BIOS-e820: [mem 0x00000000fee00000-0x00000000fee00fff] reserved
[    0.000000] BIOS-e820: [mem 0x00000000fffc0000-0x00000000ffffffff] reserved
[    0.000000] NX (Execute Disable) protection: active
[    0.000000] SMBIOS 2.5 present.
[    0.000000] DMI: innotek GmbH VirtualBox/VirtualBox, BIOS VirtualBox 12/01/2006
[    0.000000] Hypervisor detected: KVM
[    0.000000] e820: last_pfn = 0x3fff0 max_arch_pfn = 0x400000000
[    0.000000] x86/PAT: Configuration [0-7]: WB  WC  UC- UC  WB  WP  UC- WT  
[    0.000000] CPU MTRRs all blank - virtualized system.
[    0.000000] found SMP MP-table at [mem 0x0009fbf0-0x0009fbff]
[    0.000000] Scanning 1 areas for low memory corruption
[    0.000000] RAMDISK: [mem 0x359cb000-0x36cdcfff]
[    0.000000] ACPI: Early table checksum verification disabled
[    0.000000] ACPI: RSDP 0x00000000000E0000 000024 (v02 VBOX  )
[    0.000000] ACPI: XSDT 0x000000003FFF0030 00003C (v01 VBOX   VBOXXSDT 00000001 ASL  00000061)
[    0.000000] ACPI: FACP 0x000000003FFF00F0 0000F4 (v04 VBOX   VBOXFACP 00000001 ASL  00000061)
[    0.000000] ACPI: DSDT 0x000000003FFF0610 002353 (v02 VBOX   VBOXBIOS 00000002 INTL 20100528)
[    0.000000] ACPI: FACS 0x000000003FFF0200 000040
[    0.000000] ACPI: FACS 0x000000003FFF0200 000040
[    0.000000] ACPI: APIC 0x000000003FFF0240 00005C (v02 VBOX   VBOXAPIC 00000001 ASL  00000061)
[    0.000000] ACPI: SSDT 0x000000003FFF02A0 00036C (v01 VBOX   VBOXCPUT 00000002 INTL 20100528)
[    0.000000] ACPI: Reserving FACP table memory at [mem 0x3fff00f0-0x3fff01e3]
[    0.000000] ACPI: Reserving DSDT table memory at [mem 0x3fff0610-0x3fff2962]
[    0.000000] ACPI: Reserving FACS table memory at [mem 0x3fff0200-0x3fff023f]
[    0.000000] ACPI: Reserving FACS table memory at [mem 0x3fff0200-0x3fff023f]
[    0.000000] ACPI: Reserving APIC table memory at [mem 0x3fff0240-0x3fff029b]
[    0.000000] ACPI: Reserving SSDT table memory at [mem 0x3fff02a0-0x3fff060b]
[    0.000000] No NUMA configuration found
[    0.000000] Faking a node at [mem 0x0000000000000000-0x000000003ffeffff]
[    0.000000] NODE_DATA(0) allocated [mem 0x3ffc5000-0x3ffeffff]
[    0.000000] kvm-clock: cpu 0, msr 0:3ff44001, primary cpu clock
[    0.000000] kvm-clock: Using msrs 4b564d01 and 4b564d00
[    0.000000] kvm-clock: using sched offset of 4673831311 cycles
[    0.000000] clocksource: kvm-clock: mask: 0xffffffffffffffff max_cycles: 0x1cd42e4dffb, max_idle_ns: 881590591483 ns
[    0.000000] Zone ranges:
[    0.000000]   DMA      [mem 0x0000000000001000-0x0000000000ffffff]
[    0.000000]   DMA32    [mem 0x0000000001000000-0x000000003ffeffff]
[    0.000000]   Normal   empty
[    0.000000]   Device   empty
[    0.000000] Movable zone start for each node
[    0.000000] Early memory node ranges
[    0.000000]   node   0: [mem 0x0000000000001000-0x000000000009efff]
[    0.000000]   node   0: [mem 0x0000000000100000-0x000000003ffeffff]
[    0.000000] Reserved but unavailable: 104 pages
[    0.000000] Initmem setup node 0 [mem 0x0000000000001000-0x000000003ffeffff]
[    0.000000] ACPI: PM-Timer IO Port: 0x4008
[    0.000000] IOAPIC[0]: apic_id 2, version 32, address 0xfec00000, GSI 0-23
[    0.000000] ACPI: INT_SRC_OVR (bus 0 bus_irq 0 global_irq 2 dfl dfl)
[    0.000000] ACPI: INT_SRC_OVR (bus 0 bus_irq 9 global_irq 9 low level)
[    0.000000] Using ACPI (MADT) for SMP configuration information
[    0.000000] smpboot: Allowing 2 CPUs, 0 hotplug CPUs
[    0.000000] PM: Registered nosave memory: [mem 0x00000000-0x00000fff]
[    0.000000] PM: Registered nosave memory: [mem 0x0009f000-0x0009ffff]
[    0.000000] PM: Registered nosave memory: [mem 0x000a0000-0x000effff]
[    0.000000] PM: Registered nosave memory: [mem 0x000f0000-0x000fffff]
[    0.000000] e820: [mem 0x40000000-0xfebfffff] available for PCI devices
[    0.000000] Booting paravirtualized kernel on KVM
[    0.000000] clocksource: refined-jiffies: mask: 0xffffffff max_cycles: 0xffffffff, max_idle_ns: 7645519600211568 ns
[    0.000000] setup_percpu: NR_CPUS:8192 nr_cpumask_bits:2 nr_cpu_ids:2 nr_node_ids:1
[    0.000000] percpu: Embedded 50 pages/cpu s167936 r8192 d28672 u1048576
[    0.000000] PV qspinlock hash table entries: 256 (order: 0, 4096 bytes)
[    0.000000] Built 1 zonelists, mobility grouping on.  Total pages: 257913
[    0.000000] Policy zone: DMA32
[    0.000000] Kernel command line: BOOT_IMAGE=/boot/vmlinuz-4.15.0-212-generic root=LABEL=cloudimg-rootfs ro console=tty1 console=ttyS0
[    0.000000] Memory: 982644K/1048120K available (12300K kernel code, 2477K rwdata, 4324K rodata, 2480K init, 2720K bss, 65476K reserved, 0K cma-reserved)
[    0.000000] SLUB: HWalign=64, Order=0-3, MinObjects=0, CPUs=2, Nodes=1
[    0.000000] ftrace: allocating 39508 entries in 155 pages
[    0.004000] Hierarchical RCU implementation.
[    0.004000] 	RCU restricting CPUs from NR_CPUS=8192 to nr_cpu_ids=2.
[    0.004000] 	Tasks RCU enabled.
[    0.004000] RCU: Adjusting geometry for rcu_fanout_leaf=16, nr_cpu_ids=2
[    0.004000] NR_IRQS: 524544, nr_irqs: 440, preallocated irqs: 16
[    0.004000] random: crng init done
[    0.004000] Console: colour VGA+ 80x25
[    0.004000] console [tty1] enabled
[    0.004000] console [ttyS0] enabled
[    0.004000] ACPI: Core revision 20170831
[    0.004000] ACPI: 2 ACPI AML tables successfully acquired and loaded
[    0.004000] APIC: Switch to symmetric I/O mode setup
[    0.004000] ..TIMER: vector=0x30 apic1=0 pin1=2 apic2=-1 pin2=-1
[    0.004012] tsc: Detected 2995.200 MHz processor
[    0.008018] Calibrating delay loop (skipped) preset value.. 5990.40 BogoMIPS (lpj=11980800)
[    0.012005] pid_max: default: 32768 minimum: 301
[    0.020049] Security Framework initialized
[    0.024000] Yama: becoming mindful.
[    0.024135] AppArmor: AppArmor initialized
[    0.035885] Dentry cache hash table entries: 131072 (order: 8, 1048576 bytes)
[    0.037955] Inode-cache hash table entries: 65536 (order: 7, 524288 bytes)
[    0.040102] Mount-cache hash table entries: 2048 (order: 2, 16384 bytes)
[    0.044111] Mountpoint-cache hash table entries: 2048 (order: 2, 16384 bytes)
[    0.050791] Last level iTLB entries: 4KB 0, 2MB 0, 4MB 0
[    0.052010] Last level dTLB entries: 4KB 0, 2MB 0, 4MB 0, 1GB 0
[    0.056016] Spectre V1 : Mitigation: usercopy/swapgs barriers and __user pointer sanitization
[    0.060015] Spectre V2 : Mitigation: Enhanced IBRS
[    0.064009] Spectre V2 : Spectre v2 / SpectreRSB mitigation: Filling RSB on context switch
[    0.068012] Spectre V2 : Spectre v2 / PBRSB-eIBRS: Retire a single CALL on VMEXIT
[    0.072012] RETBleed: Mitigation: Enhanced IBRS
[    0.076006] Speculative Store Bypass: Vulnerable
[    0.084351] Freeing SMP alternatives memory: 36K
[    0.208177] APIC calibration not consistent with PM-Timer: 103ms instead of 100ms
[    0.212000] APIC delta adjusted to PM-Timer: 6296698 (6490197)
[    0.212986] smpboot: CPU0: Intel(R) Core(TM) Ultra 7 155H (family: 0x6, model: 0xaa, stepping: 0x4)
[    0.217496] Performance Events: unsupported p6 CPU model 170 no PMU driver, software events only.
[    0.220461] Hierarchical SRCU implementation.
[    0.229303] NMI watchdog: Perf event create on CPU 0 failed with -2
[    0.232006] NMI watchdog: Perf NMI watchdog permanently disabled
[    0.236468] smp: Bringing up secondary CPUs ...
[    0.244368] x86: Booting SMP configuration:
[    0.248012] .... node  #0, CPUs:      #1
[    0.004000] kvm-clock: cpu 1, msr 0:3ff44041, secondary cpu clock
[    0.268145] smp: Brought up 1 node, 2 CPUs
[    0.272009] smpboot: Max logical packages: 1
[    0.276012] smpboot: Total of 2 processors activated (11980.80 BogoMIPS)
[    0.284625] devtmpfs: initialized
[    0.288143] x86/mm: Memory block size: 128MB
[    0.292474] evm: security.selinux
[    0.296006] evm: security.SMACK64
[    0.300005] evm: security.SMACK64EXEC
[    0.304002] evm: security.SMACK64TRANSMUTE
[    0.308004] evm: security.SMACK64MMAP
[    0.312008] evm: security.apparmor
[    0.316010] evm: security.ima
[    0.320007] evm: security.capability
[    0.328543] clocksource: jiffies: mask: 0xffffffff max_cycles: 0xffffffff, max_idle_ns: 7645041785100000 ns
[    0.332030] futex hash table entries: 512 (order: 3, 32768 bytes)
[    0.340725] pinctrl core: initialized pinctrl subsystem
[    0.344988] RTC time:  2:22:50, date: 07/26/25
[    0.352998] NET: Registered protocol family 16
[    0.356270] audit: initializing netlink subsys (disabled)
[    0.364022] audit: type=2000 audit(1753496575.355:1): state=initialized audit_enabled=0 res=1
[    0.388011] cpuidle: using governor ladder
[    0.392027] cpuidle: using governor menu
[    0.396147] ACPI: bus type PCI registered
[    0.400005] acpiphp: ACPI Hot Plug PCI Controller Driver version: 0.5
[    0.404637] PCI: Using configuration type 1 for base access
[    0.416300] HugeTLB registered 2.00 MiB page size, pre-allocated 0 pages
[    0.424491] ACPI: Added _OSI(Module Device)
[    0.428011] ACPI: Added _OSI(Processor Device)
[    0.432006] ACPI: Added _OSI(3.0 _SCP Extensions)
[    0.436009] ACPI: Added _OSI(Processor Aggregator Device)
[    0.440013] ACPI: Added _OSI(Linux-Dell-Video)
[    0.444011] ACPI: Added _OSI(Linux-Lenovo-NV-HDMI-Audio)
[    0.448008] ACPI: Added _OSI(Linux-HPI-Hybrid-Graphics)
[    0.454583] ACPI: Executed 1 blocks of module-level executable AML code
[    0.469422] ACPI: Interpreter enabled
[    0.472034] ACPI: (supports S0 S5)
[    0.474758] ACPI: Using IOAPIC for interrupt routing
[    0.476555] PCI: Using host bridge windows from ACPI; if necessary, use "pci=nocrs" and report a bug
[    0.480876] ACPI: Enabled 2 GPEs in block 00 to 07
[    0.501560] ACPI: PCI Root Bridge [PCI0] (domain 0000 [bus 00-ff])
[    0.504012] acpi PNP0A03:00: _OSC: OS supports [ASPM ClockPM Segments MSI]
[    0.509109] acpi PNP0A03:00: _OSC: not requesting OS control; OS requires [ExtendedConfig ASPM ClockPM MSI]
[    0.512041] acpi PNP0A03:00: fail to add MMCONFIG information, can't access extended PCI configuration space under this bridge.
[    0.521180] PCI host bridge to bus 0000:00
[    0.524014] pci_bus 0000:00: root bus resource [io  0x0000-0x0cf7 window]
[    0.528016] pci_bus 0000:00: root bus resource [io  0x0d00-0xffff window]
[    0.532016] pci_bus 0000:00: root bus resource [mem 0x000a0000-0x000bffff window]
[    0.540357] pci_bus 0000:00: root bus resource [mem 0x40000000-0xfdffffff window]
[    0.544013] pci_bus 0000:00: root bus resource [bus 00-ff]
[    0.558681] pci 0000:00:01.1: legacy IDE quirk: reg 0x10: [io  0x01f0-0x01f7]
[    0.560006] pci 0000:00:01.1: legacy IDE quirk: reg 0x14: [io  0x03f6]
[    0.564005] pci 0000:00:01.1: legacy IDE quirk: reg 0x18: [io  0x0170-0x0177]
[    0.568004] pci 0000:00:01.1: legacy IDE quirk: reg 0x1c: [io  0x0376]
[    0.617680] pci 0000:00:07.0: quirk: [io  0x4000-0x403f] claimed by PIIX4 ACPI
[    0.620042] pci 0000:00:07.0: quirk: [io  0x4100-0x410f] claimed by PIIX4 SMB
[    0.636985] ACPI: PCI Interrupt Link [LNKA] (IRQs 5 9 10 *11)
[    0.640745] ACPI: PCI Interrupt Link [LNKB] (IRQs 5 9 *10 11)
[    0.644284] ACPI: PCI Interrupt Link [LNKC] (IRQs 5 *9 10 11)
[    0.648317] ACPI: PCI Interrupt Link [LNKD] (IRQs 5 9 10 *11)
[    0.653071] SCSI subsystem initialized
[    0.656374] pci 0000:00:02.0: vgaarb: setting as boot VGA device
[    0.660000] pci 0000:00:02.0: vgaarb: VGA device added: decodes=io+mem,owns=io+mem,locks=none
[    0.660009] pci 0000:00:02.0: vgaarb: bridge control possible
[    0.664005] vgaarb: loaded
[    0.666626] ACPI: bus type USB registered
[    0.668058] usbcore: registered new interface driver usbfs
[    0.672121] usbcore: registered new interface driver hub
[    0.676044] usbcore: registered new device driver usb
[    0.684031] EDAC MC: Ver: 3.0.0
[    0.692529] PCI: Using ACPI for IRQ routing
[    0.698309] NetLabel: Initializing
[    0.700006] NetLabel:  domain hash size = 128
[    0.704003] NetLabel:  protocols = UNLABELED CIPSOv4 CALIPSO
[    0.708036] NetLabel:  unlabeled traffic allowed by default
[    0.716275] clocksource: Switched to clocksource kvm-clock
[    0.743723] VFS: Disk quotas dquot_6.6.0
[    0.743723] VFS: Dquot-cache hash table entries: 512 (order 0, 4096 bytes)
[    0.743723] AppArmor: AppArmor Filesystem Enabled
[    0.743723] pnp: PnP ACPI init
[    0.743723] pnp: PnP ACPI: found 3 devices
[    0.879540] clocksource: acpi_pm: mask: 0xffffff max_cycles: 0xffffff, max_idle_ns: 2085701024 ns
[    0.880356] NET: Registered protocol family 2
[    0.880356] IP idents hash table entries: 16384 (order: 5, 131072 bytes)
[    0.899548] TCP established hash table entries: 8192 (order: 4, 65536 bytes)
[    0.906765] TCP bind hash table entries: 8192 (order: 5, 131072 bytes)
[    0.913495] TCP: Hash tables configured (established 8192 bind 8192)
[    0.916952] UDP hash table entries: 512 (order: 2, 16384 bytes)
[    0.916952] UDP-Lite hash table entries: 512 (order: 2, 16384 bytes)
[    0.916952] NET: Registered protocol family 1
[    0.916952] pci 0000:00:00.0: Limiting direct PCI/PCI transfers
[    0.916952] pci 0000:00:01.0: Activating ISA DMA hang workarounds
[    0.916952] pci 0000:00:02.0: Video device with shadowed ROM at [mem 0x000c0000-0x000dffff]
[    0.916952] Unpacking initramfs...
[    2.164312] Freeing initrd memory: 19528K
[    2.173814] clocksource: tsc: mask: 0xffffffffffffffff max_cycles: 0x2b2c8ec87c7, max_idle_ns: 440795278598 ns
[    2.193191] platform rtc_cmos: registered platform RTC device (no PNP device found)
[    2.204158] Scanning for low memory corruption every 60 seconds
[    2.219431] Initialise system trusted keyrings
[    2.223939] Key type blacklist registered
[    2.233614] workingset: timestamp_bits=36 max_order=18 bucket_order=0
[    2.258508] zbud: loaded
[    2.267216] squashfs: version 4.0 (2009/01/31) Phillip Lougher
[    2.274554] fuse init (API version 7.26)
[    2.315559] Key type asymmetric registered
[    2.320081] Asymmetric key parser 'x509' registered
[    2.324039] Block layer SCSI generic (bsg) driver version 0.4 loaded (major 246)
[    2.332804] io scheduler noop registered
[    2.343342] io scheduler deadline registered
[    2.354979] io scheduler cfq registered (default)
[    2.370841] ACPI: AC Adapter [AC] (on-line)
[    2.381602] input: Power Button as /devices/LNXSYSTM:00/LNXPWRBN:00/input/input0
[    2.389834] ACPI: Power Button [PWRF]
[    2.396681] input: Sleep Button as /devices/LNXSYSTM:00/LNXSLPBN:00/input/input1
[    2.400281] ACPI: Sleep Button [SLPF]
[    2.423892] ACPI: Battery Slot [BAT0] (battery present)
[    2.439573] Serial: 8250/16550 driver, 32 ports, IRQ sharing enabled
[    2.494512] 00:02: ttyS0 at I/O 0x3f8 (irq = 4, base_baud = 115200) is a 16550A
[    2.533782] Linux agpgart interface v0.103
[    2.549029] loop: module loaded
[    2.560506] scsi host0: ata_piix
[    2.566329] scsi host1: ata_piix
[    2.572677] ata1: PATA max UDMA/33 cmd 0x1f0 ctl 0x3f6 bmdma 0xd000 irq 14
[    2.579708] ata2: PATA max UDMA/33 cmd 0x170 ctl 0x376 bmdma 0xd008 irq 15
[    2.586661] tun: Universal TUN/TAP device driver, 1.6
[    2.595433] PPP generic driver version 2.4.2
[    2.600281] ehci_hcd: USB 2.0 'Enhanced' Host Controller (EHCI) Driver
[    2.606337] ehci-pci: EHCI PCI platform driver
[    2.610692] ehci-platform: EHCI generic platform driver
[    2.615653] ohci_hcd: USB 1.1 'Open' Host Controller (OHCI) Driver
[    2.629713] ohci-pci: OHCI PCI platform driver
[    2.641558] ohci-platform: OHCI generic platform driver
[    2.655943] uhci_hcd: USB Universal Host Controller Interface driver
[    2.672393] i8042: PNP: PS/2 Controller [PNP0303:PS2K,PNP0f03:PS2M] at 0x60,0x64 irq 1,12
[    2.701585] serio: i8042 KBD port at 0x60,0x64 irq 1
[    2.715067] serio: i8042 AUX port at 0x60,0x64 irq 12
[    2.731582] mousedev: PS/2 mouse device common for all mice
[    2.746692] rtc_cmos rtc_cmos: rtc core: registered rtc_cmos as rtc0
[    2.760063] rtc_cmos rtc_cmos: alarms up to one day, 114 bytes nvram
[    2.766133] i2c /dev entries driver
[    2.774598] device-mapper: uevent: version 1.0.3
[    2.787185] device-mapper: ioctl: 4.37.0-ioctl (2017-09-20) initialised: dm-devel@redhat.com
[    2.815415] ledtrig-cpu: registered to indicate activity on CPUs
[    2.831822] input: AT Translated Set 2 keyboard as /devices/platform/i8042/serio0/input/input2
[    2.859219] NET: Registered protocol family 10
[    2.872662] Segment Routing with IPv6
[    2.876605] NET: Registered protocol family 17
[    2.881499] Key type dns_resolver registered
[    2.886831] mce: Using 0 MCE banks
[    2.890466] RAS: Correctable Errors collector initialized.
[    2.895777] sched_clock: Marking stable (2895643312, 0)->(4562724515, -1667081203)
[    2.905775] registered taskstats version 1
[    2.915387] Loading compiled-in X.509 certificates
[    2.926537] Loaded X.509 cert 'Build time autogenerated kernel key: b5b26778eaa3ab3a4a6cee031137706e947d12ad'
[    2.936991] Loaded X.509 cert 'Canonical Ltd. Live Patch Signing: 14df34d1a87cf37625abec039ef2bf521249b969'
[    2.946139] Loaded X.509 cert 'Canonical Ltd. Kernel Module Signing: 88f752e560a1e0737e31163a466ad7b70a850c19'
[    2.955018] blacklist: Loading compiled-in revocation X.509 certificates
[    2.961209] Loaded X.509 cert 'Canonical Ltd. Secure Boot Signing: 61482aa2830d0ab2ad5af10b7250da9033ddcef0'
[    2.970089] Loaded X.509 cert 'Canonical Ltd. Secure Boot Signing (2017): 242ade75ac4a15e50d50c84b0d45ff3eae707a03'
[    2.982283] Loaded X.509 cert 'Canonical Ltd. Secure Boot Signing (ESM 2018): 365188c1d374d6b07c3c8f240f8ef722433d6a8b'
[    3.009049] Loaded X.509 cert 'Canonical Ltd. Secure Boot Signing (2019): c0746fd6c5da3ae827864651ad66ae47fe24b3e8'
[    3.029604] Loaded X.509 cert 'Canonical Ltd. Secure Boot Signing (2021 v1): a8d54bbb3825cfb94fa13c9f8a594a195c107b8d'
[    3.039930] Loaded X.509 cert 'Canonical Ltd. Secure Boot Signing (2021 v2): 4cf046892d6fd3c9a5b03f98d845f90851dc6a8c'
[    3.060964] Loaded X.509 cert 'Canonical Ltd. Secure Boot Signing (2021 v3): 100437bb6de6e469b581e61cd66bce3ef4ed53af'
[    3.078022] Loaded X.509 cert 'Canonical Ltd. Secure Boot Signing (Ubuntu Core 2019): c1d57b8f6b743f23ee41f4f7ee292f06eecadfb9'
[    3.094528] zswap: loaded using pool lzo/zbud
[    3.125424] Key type big_key registered
[    3.136026] Key type trusted registered
[    3.157937] Key type encrypted registered
[    3.165490] AppArmor: AppArmor sha1 policy hashing enabled
[    3.179744] ima: No TPM chip found, activating TPM-bypass! (rc=-19)
[    3.193778] ima: Allocated hash algorithm: sha1
[    3.205877] evm: HMAC attrs: 0x1
[    3.218171]   Magic number: 1:991:359
[    3.229950] rtc_cmos rtc_cmos: setting system clock to 2025-07-26 02:22:53 UTC (1753496573)
[    3.252711] BIOS EDD facility v0.16 2004-Jun-25, 0 devices found
[    3.261449] EDD information not available.
[    3.268959] Freeing unused kernel image memory: 2480K
[    3.298998] Write protecting the kernel read-only data: 20480k
[    3.313190] Freeing unused kernel image memory: 2008K
[    3.327952] Freeing unused kernel image memory: 1820K
[    3.346100] x86/mm: Checked W+X mappings: passed, no W+X pages found.
Loading, please wait...
starting version 237
[    3.519099] Fusion MPT base driver 3.04.20
[    3.531868] Copyright (c) 1999-2008 LSI Corporation
[    3.550049] e1000: Intel(R) PRO/1000 Network Driver - version 7.3.21-k8-NAPI
[    3.557025] e1000: Copyright (c) 1999-2006 Intel Corporation.
[    3.619091] Fusion MPT SPI Host driver 3.04.20
[    3.638238] SSE version of gcm_enc/dec engaged.
[    3.842869] input: ImExPS/2 Generic Explorer Mouse as /devices/platform/i8042/serio1/input/input4
[    4.714146] e1000 0000:00:03.0 eth0: (PCI:33MHz:32-bit) 02:3b:7b:b7:3b:2d
[    4.720674] e1000 0000:00:03.0 eth0: Intel(R) PRO/1000 Network Connection
[    4.731183] e1000 0000:00:03.0 enp0s3: renamed from eth0
[    4.732206] mptbase: ioc0: Initiating bringup
[    5.358879] ioc0: LSI53C1030 A0: Capabilities={Initiator}
[    6.175048] scsi host2: ioc0: LSI53C1030 A0, FwRev=00000000h, Ports=1, MaxQ=256, IRQ=20
[    6.716397] scsi 2:0:0:0: Direct-Access     VBOX     HARDDISK         1.0  PQ: 0 ANSI: 5
[    6.760600] scsi target2:0:0: Beginning Domain Validation
[    6.786064] scsi target2:0:0: Domain Validation skipping write tests
[    6.794726] scsi target2:0:0: Ending Domain Validation
[    6.801773] scsi target2:0:0: asynchronous
[    6.818752] scsi 2:0:1:0: Direct-Access     VBOX     HARDDISK         1.0  PQ: 0 ANSI: 5
[    6.860891] scsi target2:0:1: Beginning Domain Validation
[    6.886002] scsi target2:0:1: Domain Validation skipping write tests
[    6.903921] scsi target2:0:1: Ending Domain Validation
[    6.919924] scsi target2:0:1: asynchronous
[    6.959409] sd 2:0:0:0: Attached scsi generic sg0 type 0
[    6.960560] sd 2:0:0:0: [sda] 83886080 512-byte logical blocks: (42.9 GB/40.0 GiB)
[    6.975028] sd 2:0:1:0: Attached scsi generic sg1 type 0
[    6.984628] sd 2:0:0:0: [sda] Write Protect is off
[    7.009294] sd 2:0:0:0: [sda] Incomplete mode parameter data
[    7.020198] sd 2:0:0:0: [sda] Assuming drive cache: write through
[    7.020638] sd 2:0:1:0: [sdb] 20480 512-byte logical blocks: (10.5 MB/10.0 MiB)
[    7.060716] sd 2:0:1:0: [sdb] Write Protect is off
[    7.067824]  sda: sda1
[    7.088779] sd 2:0:1:0: [sdb] Incomplete mode parameter data
[    7.091153] sd 2:0:0:0: [sda] Attached SCSI disk
[    7.094628] sd 2:0:1:0: [sdb] Assuming drive cache: write through
[    7.148714] sd 2:0:1:0: [sdb] Attached SCSI disk
Begin: Loading essential drivers ... [    9.624231] raid6: sse2x1   gen()  5362 MB/s
[    9.676243] raid6: sse2x1   xor()  6301 MB/s
[    9.728658] raid6: sse2x2   gen()  7015 MB/s
[    9.785511] raid6: sse2x2   xor()  6195 MB/s
[    9.840240] raid6: sse2x4   gen()  8630 MB/s
[    9.893165] raid6: sse2x4   xor()  4558 MB/s
[    9.897776] raid6: using algorithm sse2x4 gen() 8630 MB/s
[    9.903186] raid6: .... xor() 4558 MB/s, rmw enabled
[    9.909704] raid6: using ssse3x2 recovery algorithm
[    9.928825] xor: measuring software checksum speed
[   14.762652]    prefetch64-sse: -1733342.-296 MB/sec
[   14.865248]    generic_sse: 35452.000 MB/sec
[   14.869410] xor: using function: generic_sse (35452.000 MB/sec)
[   14.885352] async_tx: api initialized (async)
done.
Begin: Running /scripts/init-premount ... done.
Begin: Mounting root file system ... Begin: Running /scripts/local-top ... done.
Begin: Running /scripts/local-premount ... [   14.990593] Btrfs loaded, crc32c=crc32c-intel
Scanning for Btrfs filesystems
done.
Warning: fsck not present, so skipping root file system
[   15.078419] EXT4-fs (sda1): mounted filesystem with ordered data mode. Opts: (null)
done.
Begin: Running /scripts/local-bottom ... done.
Begin: Running /scripts/init-bottom ... done.
[   15.450678] ip_tables: (C) 2000-2006 Netfilter Core Team
[   15.475784] systemd[1]: systemd 237 running in system mode. (+PAM +AUDIT +SELINUX +IMA +APPARMOR +SMACK +SYSVINIT +UTMP +LIBCRYPTSETUP +GCRYPT +GNUTLS +ACL +XZ +LZ4 +SECCOMP +BLKID +ELFUTILS +KMOD -IDN2 +IDN -PCRE2 default-hierarchy=hybrid)
[   15.496342] systemd[1]: Detected virtualization oracle.
[   15.502824] systemd[1]: Detected architecture x86-64.

Welcome to [1mUbuntu 18.04.6 LTS[0m!

[   15.560450] systemd[1]: Set hostname to <ubuntu>.
[   15.575838] systemd[1]: Initializing machine ID from random generator.
[   15.584771] systemd[1]: Installed transient /etc/machine-id file.
[   16.024793] systemd[1]: Reached target Swap.
[[0;32m  OK  [0m] Reached target Swap.
[   16.044044] systemd[1]: Reached target User and Group Name Lookups.
[[0;32m  OK  [0m] Reached target User and Group Name Lookups.
[   16.064967] systemd[1]: Reached target Mounting snaps.
[[0;32m  OK  [0m] Reached target Mounting snaps.
[   16.077685] systemd[1]: Set up automount Arbitrary Executable File Formats File System Automount Point.
[[0;32m  OK  [0m] Set up automount Arbitrary Executabâ€¦rmats File System Automount Point.
[[0;32m  OK  [0m] Reached target System Time Synchronized.
[[0;32m  OK  [0m] Reached target Mounted snaps.
[[0;32m  OK  [0m] Created slice User and Session Slice.
[[0;32m  OK  [0m] Started Forward Password Requests to Wall Directory Watch.
[[0;32m  OK  [0m] Created slice System Slice.
[[0;32m  OK  [0m] Listening on Device-mapper event daemon FIFOs.
[[0;32m  OK  [0m] Reached target Slices.
[[0;32m  OK  [0m] Listening on Journal Audit Socket.
[[0;32m  OK  [0m] Listening on udev Control Socket.
[[0;32m  OK  [0m] Listening on LVM2 poll daemon socket.
[[0;32m  OK  [0m] Listening on udev Kernel Socket.
[[0;32m  OK  [0m] Listening on LVM2 metadata daemon socket.
[[0;32m  OK  [0m] Listening on Syslog Socket.
[[0;32m  OK  [0m] Listening on Journal Socket (/dev/log).
[[0;32m  OK  [0m] Listening on /dev/initctl Compatibility Named Pipe.
[[0;32m  OK  [0m] Created slice system-serial\x2dgetty.slice.
[[0;32m  OK  [0m] Listening on fsck to fsckd communication Socket.
[[0;32m  OK  [0m] Listening on Network Service Netlink Socket.
[[0;32m  OK  [0m] Listening on Journal Socket.
         Mounting Kernel Debug File System...
         Starting Monitoring of LVM2 mirrorsâ€¦ng dmeventd or progress polling...
         Starting udev Coldplug all Devices...
         Mounting POSIX Message Queue File System...
         Starting Load Kernel Modules...
         Starting Create list of required stâ€¦ce nodes for the current kernel...
         Starting File System Check on Root Device...
         Starting Set the console keyboard layout...
         Starting Journal Service...
         Starting Uncomplicated firewall...
         Mounting Huge Pages File System...
[[0;32m  OK  [0m] Mounted Kernel Debug File System.
[   16.467209] Loading iSCSI transport class v2.0-870.
[[0;32m  OK  [0m] Mounted POSIX Message Queue File System.
[[0;32m  OK  [0m] Started Create list of required staâ€¦vice nodes for the current kernel.
[[   16.558995] iscsi: registered transport (tcp)
[0;32m  OK  [0m] Started Uncomplicated firewall.
[[0;32m  OK  [0m] Mounted Huge Pages File System.
[[0;32m  OK  [0m] Started File System Check Daemon to report status.
[[0;32m  OK  [0m] Started LVM2 metadata daemon.
         Starting Create Static Device Nodes in /dev...
[[0;32m  OK  [0m] Started udev Coldplug all Devices.
[[0;32m  OK  [0m] Started File System Check on Root Device.
         Starting Remount Root and Kernel File Systems...
[[0;32m  OK  [0m] Started Journal Service.
[[0;32m  OK  [0m] Started Create Static Device Nodes in /dev.
[   16.937500] EXT4-fs (sda1): re-mounted. Opts: (null)
[[0;32m  OK  [0m] Started Remount Root and Kernel File Systems.
         Starting Flush Journal to Persistent Storage...
         Starting Load/Save Random Seed...
         Starting udev Kernel Device Manager...
[[0;32m  OK  [0m] Started Load/Save Random Seed.
[[0;32m  OK  [0m] Started Monitoring of LVM2 mirrors,â€¦sing dmeventd or progress polling.
[   17.034864] systemd-journald[419]: Received request to flush runtime journal from PID 1
[[0;32m  OK  [0m] Started udev Kernel Device Manager.
[   17.114214] iscsi: registered transport (iser)
[[0;32m  OK  [0m] Started Load Kernel Modules.
         Mounting Kernel Configuration File System...
         Starting Apply Kernel Variables...
         Mounting FUSE Control File System...
[[0;32m  OK  [0m] Started Flush Journal to Persistent Storage.
[[0;32m  OK  [0m] Mounted Kernel Configuration File System.
[[0;32m  OK  [0m] Mounted FUSE Control File System.
[[0;32m  OK  [0m] Started Apply Kernel Variables.
[[0;32m  OK  [0m] Found device /dev/ttyS0.
[[0;32m  OK  [0m] Listening on Load/Save RF Kill Switch Status /dev/rfkill Watch.
[[0;32m  OK  [0m] Started Set the console keyboard layout.
[[0;32m  OK  [0m] Started Dispatch Password Requests to Console Directory Watch.
[[0;32m  OK  [0m] Reached target Local Encrypted Volumes.
[[0;32m  OK  [0m] Reached target Local File Systems (Pre).
[[0;32m  OK  [0m] Reached target Local File Systems.
         Starting Tell Plymouth To Write Out Runtime Data...
         Starting Commit a transient machine-id on disk...
         Starting Set console font and keymap...
         Starting AppArmor initialization...
         Starting ebtables ruleset management...
         Starting Create Volatile Files and Directories...
[[0;32m  OK  [0m] Started Tell Plymouth To Write Out Runtime Data.
[[0;32m  OK  [0m] Started Commit a transient machine-id on disk.
         Mounting Arbitrary Executable File Formats File System...
[[0;32m  OK  [0m] Started Create Volatile Files and Directories.
         Starting Update UTMP about System Boot/Shutdown...
[[0;32m  OK  [0m] Mounted Arbitrary Executable File Formats File System.
[[0;32m  OK  [0m] Started Update UTMP about System Boot/Shutdown.
[[0;32m  OK  [0m] Started ebtables ruleset management.
[[0;32m  OK  [0m] Started AppArmor initialization.
         Starting Load AppArmor profiles managed internally by snapd...
         Starting Initial cloud-init job (pre-networking)...
[[0;32m  OK  [0m] Started Load AppArmor profiles managed internally by snapd.
[[0;32m  OK  [0m] Started Set console font and keymap.
[   22.933307] cloud-init[770]: Cloud-init v. 23.1.2-0ubuntu0~18.04.1 running 'init-local' at Sat, 26 Jul 2025 02:23:12 +0000. Up 22.37 seconds.
[[0;32m  OK  [0m] Started Initial cloud-init job (pre-networking).
[[0;32m  OK  [0m] Reached target Network (Pre).
         Starting Network Service...
[[0;32m  OK  [0m] Started Network Service.
         Starting Wait for Network to be Configured...
         Starting Network Name Resolution...
[[0;32m  OK  [0m] Started Network Name Resolution.
[[0;32m  OK  [0m] Reached target Network.
[[0;32m  OK  [0m] Reached target Host and Network Name Lookups.
[[0;32m  OK  [0m] Started Wait for Network to be Configured.
         Starting Initial cloud-init job (metadata service crawler)...
[   26.043009] cloud-init[930]: Cloud-init v. 23.1.2-0ubuntu0~18.04.1 running 'init' at Sat, 26 Jul 2025 02:23:16 +0000. Up 25.76 seconds.
[   26.055337] cloud-init[930]: ci-info: +++++++++++++++++++++++++++++++++++++++++++Net device info++++++++++++++++++++++++++++++++++++++++++++
[   26.065432] cloud-init[930]: ci-info: +--------+------+---------------------------------------+---------------+--------+-------------------+
[   26.076996] cloud-init[930]: ci-info: | Device |  Up  |                Address                |      Mask     | Scope  |     Hw-Address    |
[   26.089371] cloud-init[930]: ci-info: +--------+------+---------------------------------------+---------------+--------+-------------------+
[   26.101719] cloud-init[930]: ci-info: | enp0s3 | True |               10.0.2.15               | 255.255.255.0 | global | 02:3b:7b:b7:3b:2d |
[   26.115293] cloud-init[930]: ci-info: | enp0s3 | True | fd17:625c:f037:2:3b:7bff:feb7:3b2d/64 |       .       | global | 02:3b:7b:b7:3b:2d |
[   26.122663] cloud-init[930]: ci-info: | enp0s3 | True |       fe80::3b:7bff:feb7:3b2d/64      |       .       |  link  | 02:3b:7b:b7:3b:2d |
[   26.126961] cloud-init[930]: ci-info: |   lo   | True |               127.0.0.1               |   255.0.0.0   |  host  |         .         |
[   26.133366] cloud-init[930]: ci-info: |   lo   | True |                ::1/128                |       .       |  host  |         .         |
[   26.146248] cloud-init[930]: ci-info: +--------+------+---------------------------------------+---------------+--------+-------------------+
[   26.159942] cloud-init[930]: ci-info: ++++++++++++++++++++++++++++Route IPv4 info+++++++++++++++++++++++++++++
[   26.170848] cloud-init[930]: ci-info: +-------+-------------+----------+-----------------+-----------+-------+
[   26.175763] cloud-init[930]: ci-info: | Route | Destination | Gateway  |     Genmask     | Interface | Flags |
[   26.181182] cloud-init[930]: ci-info: +-------+-------------+----------+-----------------+-----------+-------+
[   26.184909] cloud-init[930]: ci-info: |   0   |   0.0.0.0   | 10.0.2.2 |     0.0.0.0     |   enp0s3  |   UG  |
[   26.193344] cloud-init[930]: ci-info: |   1   |   10.0.2.0  | 0.0.0.0  |  255.255.255.0  |   enp0s3  |   U   |
[   26.204023] cloud-init[930]: ci-info: |   2   |   10.0.2.2  | 0.0.0.0  | 255.255.255.255 |   enp0s3  |   UH  |
[   26.215497] cloud-init[930]: ci-info: +-------+-------------+----------+-----------------+-----------+-------+
[   26.224916] cloud-init[930]: ci-info: ++++++++++++++++++++++++Route IPv6 info++++++++++++++++++++++++
[   26.235833] cloud-init[930]: ci-info: +-------+-----------------------+---------+-----------+-------+
[   26.249496] cloud-init[930]: ci-info: | Route |      Destination      | Gateway | Interface | Flags |
[   26.266936] cloud-init[930]: ci-info: +-------+-----------------------+---------+-----------+-------+
[   26.283001] cloud-init[930]: ci-info: |   1   | fd17:625c:f037:2::/64 |    ::   |   enp0s3  |   U   |
[   26.298812] cloud-init[930]: ci-info: |   2   |       fe80::/64       |    ::   |   enp0s3  |   U   |
[   26.315505] cloud-init[930]: ci-info: |   3   |          ::/0         | fe80::2 |   enp0s3  |   UG  |
[   26.335795] cloud-init[930]: ci-info: |   5   |         local         |    ::   |   enp0s3  |   U   |
[   26.344133] cloud-init[930]: ci-info: |   6   |        ff00::/8       |    ::   |   enp0s3  |   U   |
[   26.360212] cloud-init[930]: ci-info: +-------+-----------------------+---------+-----------+-------+
[   27.927494] cloud-init[930]: Generating public/private rsa key pair.
[   27.931668] cloud-init[930]: Your identification has been saved in /etc/ssh/ssh_host_rsa_key.
[   27.937291] cloud-init[930]: Your public key has been saved in /etc/ssh/ssh_host_rsa_key.pub.
[   27.944514] cloud-init[930]: The key fingerprint is:
[   27.950115] cloud-init[930]: SHA256:4TxOAFwkSdu6wszXsPdwpEaWcOf50VENVYouq5/VvUU root@ubuntu-bionic
[   27.958767] cloud-init[930]: The key's randomart image is:
[   27.962126] cloud-init[930]: +---[RSA 2048]----+
[   27.965110] cloud-init[930]: |   o++o       o++|
[   27.968135] cloud-init[930]: |    o=       o ..|
[   27.972890] cloud-init[930]: |    o + o   o .  |
[   27.981165] cloud-init[930]: |     + B o o .   |
[   27.993386] cloud-init[930]: |    o + S o o   E|
[   28.007457] cloud-init[930]: | +   B = o + . o |
[   28.017047] cloud-init[930]: |  = + * o o . . o|
[   28.029214] cloud-init[930]: |   o o + . o    o|
[   28.041762] cloud-init[930]: |        o.o    . |
[   28.057371] cloud-init[930]: +----[SHA256]-----+
[   28.070284] cloud-init[930]: Generating public/private dsa key pair.[
[   28.081238] cloud-init[930]: Your identification has been saved in /etc/ssh/ssh_host_dsa_key.
[   28.081309] cloud-init[930]: Your public key has been saved in /etc/ssh/ssh_host_dsa_key.pub.
[   28.081349] cloud-init[930]: The key fingerprint is:
[   28.082505] cloud-init[930]: SHA256:KSCdoMDo6D6uEo22HmU2qLuzGgk5KAN7WJrcTEG/4y4 root@ubuntu-bionic
[   28.083594] cloud-init[930]: The key's randomart image is:
[   28.086151] cloud-init[930]: +---[DSA 1024]----+
[   28.087447] cloud-init[930]: |+ oo             |
[   28.089916] cloud-init[930]: |oo oo.           |
[   28.091027] cloud-init[930]: |= o.+.           |
[   28.092527] cloud-init[930]: |=O=. ..  .       |
[   28.093430] cloud-init[930]: |&=.B o. S        |
[   28.094615] cloud-init[930]: |*B= o ..         |
[   28.095780] cloud-init[930]: |*o.  .           |
[   28.098428] cloud-init[930]: |o*.E.            |
[   28.099410] cloud-init[930]: |%*. ..           |
[   28.101658] cloud-init[930]: +----[SHA256]-----+
[   28.102745] cloud-init[930]: Generating public/private ecdsa key pair.
[   28.104541] cloud-init[930]: Your identification has been saved in /etc/ssh/ssh_host_ecdsa_key.
[   28.105440] cloud-init[930]: Your public key has been saved in /etc/ssh/ssh_host_ecdsa_key.pub.
[   28.106637] cloud-init[930]: The key fingerprint is:
[   28.107773] cloud-init[930]: SHA256:/0Ob9MI7uArPkifem7QrfCeO+HSKDaTeS6QYh+XMwaE root@ubuntu-bionic
[   28.109578] cloud-init[930]: The key's randomart image is:
[   28.109626] cloud-init[930]: +---[ECDSA 256]---+
[   28.110209] cloud-init[930]: |  .              |
[   28.110558] cloud-init[930]: | o .             |
[   28.111065] cloud-init[930]: |E +              |
[   28.111601] cloud-init[930]: | * .             |
[   28.112935] cloud-init[930]: |o = o   S        |
[   28.113395] cloud-init[930]: | + =     .  o    |
[   28.113850] cloud-init[930]: |. o o.o.o .= +   |
[   28.114322] cloud-init[930]: | . o **X+oo.B .  |
[   28.114842] cloud-init[930]: |  . =+*B@*..o=   |
[   28.115300] cloud-init[930]: +----[SHA256]-----+
[   28.115763] cloud-init[930]: Generating public/private ed25519 key pair.
[   28.118006] cloud-init[930]: Your identification has been saved in /etc/ssh/ssh_host_ed25519_key.
[   28.118897] cloud-init[930]: Your public key has been saved in /etc/ssh/ssh_host_ed25519_key.pub.
[   28.120089] cloud-init[930]: The key fingerprint is:
[   28.121484] cloud-init[930]: SHA256:hk+etnJSnLCOD4qmas02Ui3ME4WMcNjE/fXMI+j5k/Y root@ubuntu-bionic
[   28.121965] cloud-init[930]: The key's randomart image is:
[   28.122484] cloud-init[930]: +--[ED25519 256]--+
[   28.122939] cloud-init[930]: |o==..            |
[   28.123436] cloud-init[930]: |.ooo..  .        |
[   28.123917] cloud-init[930]: |    .. o +       |
[   28.125401] cloud-init[930]: |   .  +.. =      |
[   28.125892] cloud-init[930]: |  o o..=So .     |
[   28.126534] cloud-init[930]: |   * .+=+.       |
[   28.127164] cloud-init[930]: |  + +o o=.       |
[   28.127766] cloud-init[930]: | = *..+.*.       |
[   28.129797] cloud-init[930]: |O + ...=.oE      |
[   28.130843] cloud-init[930]: +----[SHA256]-----+
[0;32m  OK  [0m] Started Initial cloud-init job (metadata service crawler).
[[0;32m  OK  [0m] Reached target System Initialization.
[[0;32m  OK  [0m] Listening on Open-iSCSI iscsid Socket.
         Starting LXD - unix socket.
[[0;32m  OK  [0m] Started Message of the Day.
[[0;32m  OK  [0m] Started Daily Cleanup of Temporary Directories.
[[0;32m  OK  [0m] Started ACPI Events Check.
[[0;32m  OK  [0m] Reached target Paths.
         Starting Socket activation for snappy daemon.
[[0;32m  OK  [0m] Listening on ACPID Listen Socket.
[[0;32m  OK  [0m] Listening on cloud-init hotplug hook socket.
[[0;32m  OK  [0m] Started Daily apt download activities.
[[0;32m  OK  [0m] Started Daily apt upgrade and clean activities.
[[0;32m  OK  [0m] Listening on UUID daemon activation socket.
[[0;32m  OK  [0m] Started Ubuntu Advantage Timer for running repeated jobs.
[[0;32m  OK  [0m] Started Discard unused blocks once a week.
[[0;32m  OK  [0m] Reached target Timers.
[[0;32m  OK  [0m] Listening on D-Bus System Message Bus Socket.
[[0;32m  OK  [0m] Reached target Network is Online.
         Starting Availability of block devices...
[[0;32m  OK  [0m] Reached target Remote File Systems (Pre).
[[0;32m  OK  [0m] Reached target Remote File Systems.
[[0;32m  OK  [0m] Reached target Cloud-config availability.
[[0;32m  OK  [0m] Listening on LXD - unix socket.
[[0;32m  OK  [0m] Listening on Socket activation for snappy daemon.
[[0;32m  OK  [0m] Started Availability of block devices.
[[0;32m  OK  [0m] Reached target Sockets.
[[0;32m  OK  [0m] Reached target Basic System.
         Starting Dispatcher daemon for systemd-networkd...
[[0;32m  OK  [0m] Started irqbalance daemon.
         Starting Accounts Service...
         Starting System Logging Service...
[[0;32m  OK  [0m] Started D-Bus System Message Bus.
[[0;32m  OK  [0m] Started Regular background program processing daemon.
         Starting LSB: Record successful boot for GRUB...
[[0;32m  OK  [0m] Reached target Login Prompts (Pre).
         Starting Login Service...
         Starting Pollinate to seed the pseudo random number generator...
         Starting LSB: automatic crash report generation...
         Starting LXD - container startup/shutdown...
         Starting Snap Daemon...
         Starting Virtualbox guest utils...
[[0;32m  OK  [0m] Started FUSE filesystem for LXC.
[[0;32m  OK  [0m] Started Deferred execution scheduler.
         Starting Permit User Sessions...
[[0;32m  OK  [0m] Started System Logging Service.
[[0;32m  OK  [0m] Started Permit User Sessions.
[[0;32m  OK  [0m] Started LSB: automatic crash report generation.
[[0;32m  OK  [0m] Started Login Service.
[[0;32m  OK  [0m] Started Unattended Upgrades Shutdown.
         Starting Authorization Manager...
         Starting Terminate Plymouth Boot Screen...
         Starting Hold until boot process finishes up...
         Starting Hostname Service...
[[0;32m  OK  [0m] Started Terminate Plymouth Boot Screen.
[[0;32m  OK  [0m] Started LSB: Record successful boot for GRUB.
[[0;32m  OK  [0m] Started Hold until boot process finishes up.
         Starting Set console scheme...
[[0;32m  OK  [0m] Started Serial Getty on ttyS0.
[[0;32m  OK  [0m] Started Set console scheme.
[[0;32m  OK  [0m] Created slice system-getty.slice.
[[0;32m  OK  [0m] Started Getty on tty1.
[[0;32m  OK  [0m] Reached target Login Prompts.
[[0;32m  OK  [0m] Started Authorization Manager.
[[0;32m  OK  [0m] Started Accounts Service.
[[0;32m  OK  [0m] Started Hostname Service.
[[0;32m  OK  [0m] Started LXD - container startup/shutdown.
[[0;32m  OK  [0m] Started Virtualbox guest utils.
[[0;32m  OK  [0m] Started Dispatcher daemon for systemd-networkd.
[[0;32m  OK  [0m] Started Pollinate to seed the pseudo random number generator.
[[0;32m  OK  [0m] Started Snap Daemon.
         Starting Wait until snapd is fully seeded...
         Starting OpenBSD Secure Shell server...
[[0;32m  OK  [0m] Started OpenBSD Secure Shell server.
[[0;32m  OK  [0m] Created slice User Slice of vagrant.
         Starting User Manager for UID 1000...
[[0;32m  OK  [0m] Started Session 1 of user vagrant.
[[0;32m  OK  [0m] Started User Manager for UID 1000.
         Starting Time & Date Service...
[[0;32m  OK  [0m] Started Time & Date Service.

Ubuntu 18.04.6 LTS ubuntu-bionic ttyS0

ubuntu-bionic login: [   37.688768] cloud-init[1595]: Cloud-init v. 23.1.2-0ubuntu0~18.04.1 running 'modules:config' at Sat, 26 Jul 2025 02:23:27 +0000. Up 36.89 seconds.
ci-info: no authorized SSH keys fingerprints found for user ubuntu.
<14>Jul 26 02:23:29 cloud-init: #############################################################
<14>Jul 26 02:23:29 cloud-init: -----BEGIN SSH HOST KEY FINGERPRINTS-----
<14>Jul 26 02:23:29 cloud-init: 1024 SHA256:KSCdoMDo6D6uEo22HmU2qLuzGgk5KAN7WJrcTEG/4y4 root@ubuntu-bionic (DSA)
<14>Jul 26 02:23:29 cloud-init: 256 SHA256:/0Ob9MI7uArPkifem7QrfCeO+HSKDaTeS6QYh+XMwaE root@ubuntu-bionic (ECDSA)
<14>Jul 26 02:23:29 cloud-init: 256 SHA256:hk+etnJSnLCOD4qmas02Ui3ME4WMcNjE/fXMI+j5k/Y root@ubuntu-bionic (ED25519)
<14>Jul 26 02:23:29 cloud-init: 2048 SHA256:4TxOAFwkSdu6wszXsPdwpEaWcOf50VENVYouq5/VvUU root@ubuntu-bionic (RSA)
<14>Jul 26 02:23:29 cloud-init: -----END SSH HOST KEY FINGERPRINTS-----
<14>Jul 26 02:23:29 cloud-init: #############################################################
-----BEGIN SSH HOST KEY KEYS-----
ecdsa-sha2-nistp256 AAAAE2VjZHNhLXNoYTItbmlzdHAyNTYAAAAIbmlzdHAyNTYAAABBBAyeMceQy+74IPl4cz7N/Pfu0L6bX9Ownun0pBxc0rzzJzKB0nl8KYZo6LmGkZvyN4LaBq47LtmScSoRJemwRo0= root@ubuntu-bionic
ssh-ed25519 AAAAC3NzaC1lZDI1NTE5AAAAIBXthIEvAr/72WyEik4ysOC2ZkfozU6nngKV7hKlEcn7 root@ubuntu-bionic
ssh-rsa AAAAB3NzaC1yc2EAAAADAQABAAABAQDFGz7jt7fcXYXUIjxWRTPyW5R0o7Ccf4hxS0qlqtJFHHY1d4uXlFbpvzRZ9TlnDHRUcnhs1ZgAnL3LG13qKbUmLQFfnZpIx0cDnmXBdhRALUFOOXVWour/qmDGNwrJFraht0oD8CsN/y7wz/LSDRBxdeekDy2a7+JkOe0KeWfUwTSfY835zQwPM5L2HreMMWSazNRtOBR/R/1Lm7TOHmUOqlRICxUBnhV3QEDbwnYneyDE/y8lEaHhdxjMiiLCd+nZy3BhLGZyy9/5glFCwqV4YWhUoBJo21q9wFIMQvtjO3Y28O/fkaqf7W7ilDHFLTaHOYOAIw2KiKfnjo5L1Zzf root@ubuntu-bionic
-----END SSH HOST KEY KEYS-----
[   39.055706] cloud-init[1756]: Cloud-init v. 23.1.2-0ubuntu0~18.04.1 running 'modules:final' at Sat, 26 Jul 2025 02:23:28 +0000. Up 38.61 seconds.
[   39.056551] cloud-init[1756]: Cloud-init v. 23.1.2-0ubuntu0~18.04.1 finished at Sat, 26 Jul 2025 02:23:29 +0000. Datasource DataSourceNoCloud [seed=/dev/sdb][dsmode=net].  Up 39.03 seconds
